metrics_client: -s Platform.Emmc.LifeUsed.TypeA 1
metrics_client: -s Platform.Emmc.LifeUsed.TypeB 1
