metrics_client: -s Platform.Storage.Nvme.PercentageUsed 11
