metrics_client: Platform.SmartTransferErrors 0 1 1000000 20
