metrics_client: -s Platform.Emmc.LifeUsed.TypeA 10
metrics_client: -s Platform.Emmc.LifeUsed.TypeB 1
