metrics_client: -s Platform.Storage.Ufs.LifeUsed.TypeA 1
metrics_client: -s Platform.Storage.Ufs.LifeUsed.TypeB 1
